go: element-generator/go/pkg/mod/github.com/golang/freetype@v0.0.0-20170609003504-e2365dfdc4a0: import path "element-generator/go/pkg/mod/github.com/golang/freetype@v0.0.0-20170609003504-e2365dfdc4a0" should not have @version
go: element-generator/go/pkg/mod/github.com/golang/freetype@v0.0.0-20170609003504-e2365dfdc4a0/example/capjoin: import path "element-generator/go/pkg/mod/github.com/golang/freetype@v0.0.0-20170609003504-e2365dfdc4a0/example/capjoin" should not have @version
go: element-generator/go/pkg/mod/github.com/golang/freetype@v0.0.0-20170609003504-e2365dfdc4a0/example/drawer: import path "element-generator/go/pkg/mod/github.com/golang/freetype@v0.0.0-20170609003504-e2365dfdc4a0/example/drawer" should not have @version
go: element-generator/go/pkg/mod/github.com/golang/freetype@v0.0.0-20170609003504-e2365dfdc4a0/example/freetype: import path "element-generator/go/pkg/mod/github.com/golang/freetype@v0.0.0-20170609003504-e2365dfdc4a0/example/freetype" should not have @version
go: element-generator/go/pkg/mod/github.com/golang/freetype@v0.0.0-20170609003504-e2365dfdc4a0/example/gamma: import path "element-generator/go/pkg/mod/github.com/golang/freetype@v0.0.0-20170609003504-e2365dfdc4a0/example/gamma" should not have @version
go: element-generator/go/pkg/mod/github.com/golang/freetype@v0.0.0-20170609003504-e2365dfdc4a0/example/genbasicfont: import path "element-generator/go/pkg/mod/github.com/golang/freetype@v0.0.0-20170609003504-e2365dfdc4a0/example/genbasicfont" should not have @version
go: element-generator/go/pkg/mod/github.com/golang/freetype@v0.0.0-20170609003504-e2365dfdc4a0/example/raster: import path "element-generator/go/pkg/mod/github.com/golang/freetype@v0.0.0-20170609003504-e2365dfdc4a0/example/raster" should not have @version
go: element-generator/go/pkg/mod/github.com/golang/freetype@v0.0.0-20170609003504-e2365dfdc4a0/example/round: import path "element-generator/go/pkg/mod/github.com/golang/freetype@v0.0.0-20170609003504-e2365dfdc4a0/example/round" should not have @version
go: element-generator/go/pkg/mod/github.com/golang/freetype@v0.0.0-20170609003504-e2365dfdc4a0/example/truetype: import path "element-generator/go/pkg/mod/github.com/golang/freetype@v0.0.0-20170609003504-e2365dfdc4a0/example/truetype" should not have @version
go: element-generator/go/pkg/mod/github.com/golang/freetype@v0.0.0-20170609003504-e2365dfdc4a0/raster: import path "element-generator/go/pkg/mod/github.com/golang/freetype@v0.0.0-20170609003504-e2365dfdc4a0/raster" should not have @version
go: element-generator/go/pkg/mod/github.com/golang/freetype@v0.0.0-20170609003504-e2365dfdc4a0/truetype: import path "element-generator/go/pkg/mod/github.com/golang/freetype@v0.0.0-20170609003504-e2365dfdc4a0/truetype" should not have @version